> Task :checkKotlinGradlePluginConfigurationErrors
> Task :compileKotlin UP-TO-DATE
> Task :compileJava NO-SOURCE
> Task :processResources
> Task :classes
> Task :resolveMainClassName

> Task :bootRun
14:10:18,122 |-WARN in net.logstash.logback.appender.LogstashTcpSocketAppender[LOGSTASH] - Log destination localhost/<unresolved>:5044: connection failed. java.net.ConnectException: Connection refused
	at java.net.ConnectException: Connection refused
	at 	at java.base/sun.nio.ch.Net.pollConnect(Native Method)
	at 	at java.base/sun.nio.ch.Net.pollConnectNow(Net.java:682)
	at 	at java.base/sun.nio.ch.NioSocketImpl.timedFinishConnect(NioSocketImpl.java:542)
	at 	at java.base/sun.nio.ch.NioSocketImpl.connect(NioSocketImpl.java:592)
	at 	at java.base/java.net.SocksSocketImpl.connect(SocksSocketImpl.java:327)
	at 	at java.base/java.net.Socket.connect(Socket.java:751)
	at 	at net.logstash.logback.appender.AbstractLogstashTcpSocketAppender$TcpSendingEventHandler.openSocket(AbstractLogstashTcpSocketAppender.java:765)
	at 	at net.logstash.logback.appender.AbstractLogstashTcpSocketAppender$TcpSendingEventHandler.onStart(AbstractLogstashTcpSocketAppender.java:691)
	at 	at net.logstash.logback.appender.AsyncDisruptorAppender$EventClearingEventHandler.onStart(AsyncDisruptorAppender.java:382)
	at 	at net.logstash.logback.encoder.com.lmax.disruptor.BatchEventProcessor.notifyStart(BatchEventProcessor.java:224)
	at 	at net.logstash.logback.encoder.com.lmax.disruptor.BatchEventProcessor.run(BatchEventProcessor.java:120)
	at 	at java.base/java.lang.Thread.run(Thread.java:1583)
14:10:18,126 |-WARN in net.logstash.logback.appender.LogstashTcpSocketAppender[LOGSTASH] - Log destination localhost/<unresolved>:5044: Waiting 29962ms before attempting reconnection.

  .   ____          _            __ _ _
 /\\ / ___'_ __ _ _(_)_ __  __ _ \ \ \ \
( ( )\___ | '_ | '_| | '_ \/ _` | \ \ \ \
 \\/  ___)| |_)| | | | | || (_| |  ) ) ) )
  '  |____| .__|_| |_|_| |_\__, | / / / /
 =========|_|==============|___/=/_/_/_/

 :: Spring Boot ::                (v3.4.3)

2026-04-08T14:10:18.457+03:00  INFO 65512 --- [           main] c.p.a.AIApplicationKt                    : Starting AIApplicationKt using Java 21.0.6 with PID 65512 (/Users/champion/SpringKotlinPortfolio/ai-powered-personal-assistant/build/classes/kotlin/main started by champion in /Users/champion/SpringKotlinPortfolio/ai-powered-personal-assistant)
2026-04-08T14:10:18.463+03:00  INFO 65512 --- [           main] c.p.a.AIApplicationKt                    : No active profile set, falling back to 1 default profile: "default"
2026-04-08T14:10:21.618+03:00  INFO 65512 --- [           main] .s.d.r.c.RepositoryConfigurationDelegate : Bootstrapping Spring Data JPA repositories in DEFAULT mode.
2026-04-08T14:10:21.667+03:00  INFO 65512 --- [           main] .s.d.r.c.RepositoryConfigurationDelegate : Finished Spring Data repository scanning in 29 ms. Found 0 JPA repository interfaces.
2026-04-08T14:10:22.082+03:00  INFO 65512 --- [           main] faultConfiguringBeanFactoryPostProcessor : No bean named 'errorChannel' has been explicitly defined. Therefore, a default PublishSubscribeChannel will be created.
2026-04-08T14:10:22.098+03:00  INFO 65512 --- [           main] faultConfiguringBeanFactoryPostProcessor : No bean named 'integrationHeaderChannelRegistry' has been explicitly defined. Therefore, a default DefaultHeaderChannelRegistry will be created.
2026-04-08T14:10:23.806+03:00  INFO 65512 --- [           main] o.s.b.w.embedded.tomcat.TomcatWebServer  : Tomcat initialized with port 8081 (http)
2026-04-08T14:10:23.833+03:00  INFO 65512 --- [           main] o.apache.catalina.core.StandardService   : Starting service [Tomcat]
2026-04-08T14:10:23.833+03:00  INFO 65512 --- [           main] o.apache.catalina.core.StandardEngine    : Starting Servlet engine: [Apache Tomcat/10.1.36]
2026-04-08T14:10:23.995+03:00  INFO 65512 --- [           main] o.a.c.c.C.[Tomcat].[localhost].[/]       : Initializing Spring embedded WebApplicationContext
2026-04-08T14:10:23.996+03:00  INFO 65512 --- [           main] w.s.c.ServletWebServerApplicationContext : Root WebApplicationContext: initialization completed in 5401 ms
2026-04-08T14:10:24.646+03:00  INFO 65512 --- [           main] com.zaxxer.hikari.HikariDataSource       : HikariPool-1 - Starting...
2026-04-08T14:10:24.998+03:00  INFO 65512 --- [           main] com.zaxxer.hikari.pool.HikariPool        : HikariPool-1 - Added connection conn0: url=jdbc:h2:mem:assistantdb user=SA
2026-04-08T14:10:25.002+03:00  INFO 65512 --- [           main] com.zaxxer.hikari.HikariDataSource       : HikariPool-1 - Start completed.
2026-04-08T14:10:25.094+03:00  INFO 65512 --- [           main] org.flywaydb.core.FlywayExecutor         : Database: jdbc:h2:mem:assistantdb (H2 2.3)
2026-04-08T14:10:25.108+03:00  WARN 65512 --- [           main] o.f.c.internal.database.base.Database    : Flyway upgrade recommended: H2 2.3.232 is newer than this version of Flyway and support has not been tested. The latest supported version of H2 is 2.2.224.
2026-04-08T14:10:25.148+03:00  INFO 65512 --- [           main] o.f.c.i.s.JdbcTableSchemaHistory         : Schema history table "PUBLIC"."flyway_schema_history" does not exist yet
2026-04-08T14:10:25.152+03:00  INFO 65512 --- [           main] o.f.core.internal.command.DbValidate     : Successfully validated 1 migration (execution time 00:00.021s)
2026-04-08T14:10:25.165+03:00  INFO 65512 --- [           main] o.f.c.i.s.JdbcTableSchemaHistory         : Creating Schema History table "PUBLIC"."flyway_schema_history" ...
2026-04-08T14:10:25.225+03:00  INFO 65512 --- [           main] o.f.core.internal.command.DbMigrate      : Current version of schema "PUBLIC": << Empty Schema >>
2026-04-08T14:10:25.237+03:00  INFO 65512 --- [           main] o.f.core.internal.command.DbMigrate      : Migrating schema "PUBLIC" to version "1 - init"
2026-04-08T14:10:25.262+03:00  INFO 65512 --- [           main] o.f.core.internal.command.DbMigrate      : Successfully applied 1 migration to schema "PUBLIC", now at version v1 (execution time 00:00.004s)
2026-04-08T14:10:25.572+03:00  INFO 65512 --- [           main] o.hibernate.jpa.internal.util.LogHelper  : HHH000204: Processing PersistenceUnitInfo [name: default]
2026-04-08T14:10:25.719+03:00  INFO 65512 --- [           main] org.hibernate.Version                    : HHH000412: Hibernate ORM core version 6.6.8.Final
2026-04-08T14:10:25.804+03:00  INFO 65512 --- [           main] o.h.c.internal.RegionFactoryInitiator    : HHH000026: Second-level cache disabled
2026-04-08T14:10:26.468+03:00  INFO 65512 --- [           main] o.s.o.j.p.SpringPersistenceUnitInfo      : No LoadTimeWeaver setup: ignoring JPA class transformer
2026-04-08T14:10:26.654+03:00  INFO 65512 --- [           main] org.hibernate.orm.connections.pooling    : HHH10001005: Database info:
	Database JDBC URL [Connecting through datasource 'HikariDataSource (HikariPool-1)']
	Database driver: undefined/unknown
	Database version: 2.3.232
	Autocommit mode: undefined/unknown
	Isolation level: undefined/unknown
	Minimum pool size: undefined/unknown
	Maximum pool size: undefined/unknown
2026-04-08T14:10:27.539+03:00  INFO 65512 --- [           main] o.h.e.t.j.p.i.JtaPlatformInitiator       : HHH000489: No JTA platform available (set 'hibernate.transaction.jta.platform' to enable JTA platform integration)
2026-04-08T14:10:27.549+03:00  INFO 65512 --- [           main] j.LocalContainerEntityManagerFactoryBean : Initialized JPA EntityManagerFactory for persistence unit 'default'
2026-04-08T14:10:28.054+03:00  WARN 65512 --- [           main] JpaBaseConfiguration$JpaWebConfiguration : spring.jpa.open-in-view is enabled by default. Therefore, database queries may be performed during view rendering. Explicitly configure spring.jpa.open-in-view to disable this warning
